../drivers/Src/stm32f407xx_spi_driver.c:103:6:SPI_Init	24	static
../drivers/Src/stm32f407xx_spi_driver.c:145:6:SPI_deInit	16	static
../drivers/Src/stm32f407xx_spi_driver.c:159:9:SPI_GetFlagStatus	16	static
../drivers/Src/stm32f407xx_spi_driver.c:169:6:SPI_PeriClockControl	16	static
../drivers/Src/stm32f407xx_spi_driver.c:212:6:SPI_Send	24	static
../drivers/Src/stm32f407xx_spi_driver.c:240:6:SPI_Receive	24	static
../drivers/Src/stm32f407xx_spi_driver.c:276:9:SPI_SendIT	32	static
../drivers/Src/stm32f407xx_spi_driver.c:294:9:SPI_ReceiveIT	32	static
../drivers/Src/stm32f407xx_spi_driver.c:318:6:SPI_PeripheralControl	16	static
../drivers/Src/stm32f407xx_spi_driver.c:327:6:SPI_SSIControl	16	static
../drivers/Src/stm32f407xx_spi_driver.c:337:6:SPI_SSOEControl	16	static
../drivers/Src/stm32f407xx_spi_driver.c:350:6:SPI_IRQInterruptConfig	24	static
../drivers/Src/stm32f407xx_spi_driver.c:391:6:SPI_IRQPriorityConfig	24	static
../drivers/Src/stm32f407xx_spi_driver.c:403:6:SPI_IRQHandling	24	static
../drivers/Src/stm32f407xx_spi_driver.c:447:13:txe_spi_interrupt_handler	16	static
../drivers/Src/stm32f407xx_spi_driver.c:474:13:rxne_spi_interrupt_handler	16	static
../drivers/Src/stm32f407xx_spi_driver.c:501:13:spi_ovr_err_interrupt_handler	24	static
../drivers/Src/stm32f407xx_spi_driver.c:515:6:SPI_CloseTransmisson	16	static
../drivers/Src/stm32f407xx_spi_driver.c:523:6:SPI_CloseReception	16	static
../drivers/Src/stm32f407xx_spi_driver.c:531:6:SPI_ClearOVRFlag	24	static
../drivers/Src/stm32f407xx_spi_driver.c:544:28:SPI_ApplicationEventCallback	16	static
