Archive member included to satisfy reference by file (symbol)

c:/st/stm32cubeide_1.10.1/stm32cubeide/plugins/com.st.stm32cube.ide.mcu.externaltools.gnu-tools-for-stm32.10.3-2021.10.win32_1.0.0.202111181127/tools/bin/../lib/gcc/arm-none-eabi/10.3.1/../../../../arm-none-eabi/lib/thumb/v7e-m/nofp\libc_nano.a(lib_a-exit.o)
                              c:/st/stm32cubeide_1.10.1/stm32cubeide/plugins/com.st.stm32cube.ide.mcu.externaltools.gnu-tools-for-stm32.10.3-2021.10.win32_1.0.0.202111181127/tools/bin/../lib/gcc/arm-none-eabi/10.3.1/../../../../arm-none-eabi/lib/thumb/v7e-m/nofp/rdimon-crt0.o (exit)
c:/st/stm32cubeide_1.10.1/stm32cubeide/plugins/com.st.stm32cube.ide.mcu.externaltools.gnu-tools-for-stm32.10.3-2021.10.win32_1.0.0.202111181127/tools/bin/../lib/gcc/arm-none-eabi/10.3.1/../../../../arm-none-eabi/lib/thumb/v7e-m/nofp\libc_nano.a(lib_a-impure.o)
                              c:/st/stm32cubeide_1.10.1/stm32cubeide/plugins/com.st.stm32cube.ide.mcu.externaltools.gnu-tools-for-stm32.10.3-2021.10.win32_1.0.0.202111181127/tools/bin/../lib/gcc/arm-none-eabi/10.3.1/../../../../arm-none-eabi/lib/thumb/v7e-m/nofp\libc_nano.a(lib_a-exit.o) (_global_impure_ptr)
c:/st/stm32cubeide_1.10.1/stm32cubeide/plugins/com.st.stm32cube.ide.mcu.externaltools.gnu-tools-for-stm32.10.3-2021.10.win32_1.0.0.202111181127/tools/bin/../lib/gcc/arm-none-eabi/10.3.1/../../../../arm-none-eabi/lib/thumb/v7e-m/nofp\libc_nano.a(lib_a-init.o)
                              c:/st/stm32cubeide_1.10.1/stm32cubeide/plugins/com.st.stm32cube.ide.mcu.externaltools.gnu-tools-for-stm32.10.3-2021.10.win32_1.0.0.202111181127/tools/bin/../lib/gcc/arm-none-eabi/10.3.1/../../../../arm-none-eabi/lib/thumb/v7e-m/nofp/rdimon-crt0.o (__libc_init_array)
c:/st/stm32cubeide_1.10.1/stm32cubeide/plugins/com.st.stm32cube.ide.mcu.externaltools.gnu-tools-for-stm32.10.3-2021.10.win32_1.0.0.202111181127/tools/bin/../lib/gcc/arm-none-eabi/10.3.1/../../../../arm-none-eabi/lib/thumb/v7e-m/nofp\libc_nano.a(lib_a-memset.o)
                              c:/st/stm32cubeide_1.10.1/stm32cubeide/plugins/com.st.stm32cube.ide.mcu.externaltools.gnu-tools-for-stm32.10.3-2021.10.win32_1.0.0.202111181127/tools/bin/../lib/gcc/arm-none-eabi/10.3.1/../../../../arm-none-eabi/lib/thumb/v7e-m/nofp/rdimon-crt0.o (memset)
c:/st/stm32cubeide_1.10.1/stm32cubeide/plugins/com.st.stm32cube.ide.mcu.externaltools.gnu-tools-for-stm32.10.3-2021.10.win32_1.0.0.202111181127/tools/bin/../lib/gcc/arm-none-eabi/10.3.1/../../../../arm-none-eabi/lib/thumb/v7e-m/nofp\libc_nano.a(lib_a-strlen.o)
                              ./Src/014i2c_disciple_tx_string.o (strlen)
c:/st/stm32cubeide_1.10.1/stm32cubeide/plugins/com.st.stm32cube.ide.mcu.externaltools.gnu-tools-for-stm32.10.3-2021.10.win32_1.0.0.202111181127/tools/bin/../lib/gcc/arm-none-eabi/10.3.1/../../../../arm-none-eabi/lib/thumb/v7e-m/nofp\librdimon_nano.a(rdimon-syscalls.o)
                              c:/st/stm32cubeide_1.10.1/stm32cubeide/plugins/com.st.stm32cube.ide.mcu.externaltools.gnu-tools-for-stm32.10.3-2021.10.win32_1.0.0.202111181127/tools/bin/../lib/gcc/arm-none-eabi/10.3.1/../../../../arm-none-eabi/lib/thumb/v7e-m/nofp/rdimon-crt0.o (initialise_monitor_handles)
c:/st/stm32cubeide_1.10.1/stm32cubeide/plugins/com.st.stm32cube.ide.mcu.externaltools.gnu-tools-for-stm32.10.3-2021.10.win32_1.0.0.202111181127/tools/bin/../lib/gcc/arm-none-eabi/10.3.1/../../../../arm-none-eabi/lib/thumb/v7e-m/nofp\librdimon_nano.a(rdimon-_exit.o)
                              c:/st/stm32cubeide_1.10.1/stm32cubeide/plugins/com.st.stm32cube.ide.mcu.externaltools.gnu-tools-for-stm32.10.3-2021.10.win32_1.0.0.202111181127/tools/bin/../lib/gcc/arm-none-eabi/10.3.1/../../../../arm-none-eabi/lib/thumb/v7e-m/nofp\libc_nano.a(lib_a-exit.o) (_exit)
c:/st/stm32cubeide_1.10.1/stm32cubeide/plugins/com.st.stm32cube.ide.mcu.externaltools.gnu-tools-for-stm32.10.3-2021.10.win32_1.0.0.202111181127/tools/bin/../lib/gcc/arm-none-eabi/10.3.1/../../../../arm-none-eabi/lib/thumb/v7e-m/nofp\librdimon_nano.a(rdimon-_kill.o)
                              c:/st/stm32cubeide_1.10.1/stm32cubeide/plugins/com.st.stm32cube.ide.mcu.externaltools.gnu-tools-for-stm32.10.3-2021.10.win32_1.0.0.202111181127/tools/bin/../lib/gcc/arm-none-eabi/10.3.1/../../../../arm-none-eabi/lib/thumb/v7e-m/nofp\librdimon_nano.a(rdimon-_exit.o) (_kill_shared)
c:/st/stm32cubeide_1.10.1/stm32cubeide/plugins/com.st.stm32cube.ide.mcu.externaltools.gnu-tools-for-stm32.10.3-2021.10.win32_1.0.0.202111181127/tools/bin/../lib/gcc/arm-none-eabi/10.3.1/../../../../arm-none-eabi/lib/thumb/v7e-m/nofp\libc_nano.a(lib_a-errno.o)
                              c:/st/stm32cubeide_1.10.1/stm32cubeide/plugins/com.st.stm32cube.ide.mcu.externaltools.gnu-tools-for-stm32.10.3-2021.10.win32_1.0.0.202111181127/tools/bin/../lib/gcc/arm-none-eabi/10.3.1/../../../../arm-none-eabi/lib/thumb/v7e-m/nofp\librdimon_nano.a(rdimon-syscalls.o) (__errno)
[...]
Memory Configuration

Name             Origin             Length             Attributes
CCMRAM           0x0000000010000000 0x0000000000010000 xrw
RAM              0x0000000020000000 0x0000000000020000 xrw
FLASH            0x0000000008000000 0x0000000000100000 xr
*default*        0x0000000000000000 0xffffffffffffffff

Linker script and memory map

LOAD c:/st/stm32cubeide_1.10.1/stm32cubeide/plugins/com.st.stm32cube.ide.mcu.externaltools.gnu-tools-for-stm32.10.3-2021.10.win32_1.0.0.202111181127/tools/bin/../lib/gcc/arm-none-eabi/10.3.1/thumb/v7e-m/nofp/crti.o
LOAD c:/st/stm32cubeide_1.10.1/stm32cubeide/plugins/com.st.stm32cube.ide.mcu.externaltools.gnu-tools-for-stm32.10.3-2021.10.win32_1.0.0.202111181127/tools/bin/../lib/gcc/arm-none-eabi/10.3.1/thumb/v7e-m/nofp/crtbegin.o
LOAD c:/st/stm32cubeide_1.10.1/stm32cubeide/plugins/com.st.stm32cube.ide.mcu.externaltools.gnu-tools-for-stm32.10.3-2021.10.win32_1.0.0.202111181127/tools/bin/../lib/gcc/arm-none-eabi/10.3.1/../../../../arm-none-eabi/lib/thumb/v7e-m/nofp/rdimon-crt0.o
LOAD ./Src/014i2c_disciple_tx_string.o
LOAD ./Startup/startup_stm32f407vgtx.o
LOAD ./drivers/Src/stm32f407xx_gpio_driver.o
LOAD ./drivers/Src/stm32f407xx_i2c_driver.o
LOAD ./drivers/Src/stm32f407xx_spi_driver.o
LOAD c:/st/stm32cubeide_1.10.1/stm32cubeide/plugins/com.st.stm32cube.ide.mcu.externaltools.gnu-tools-for-stm32.10.3-2021.10.win32_1.0.0.202111181127/tools/bin/../lib/gcc/arm-none-eabi/10.3.1/../../../../arm-none-eabi/lib/thumb/v7e-m/nofp\libc_nano.a
LOAD c:/st/stm32cubeide_1.10.1/stm32cubeide/plugins/com.st.stm32cube.ide.mcu.externaltools.gnu-tools-for-stm32.10.3-2021.10.win32_1.0.0.202111181127/tools/bin/../lib/gcc/arm-none-eabi/10.3.1/../../../../arm-none-eabi/lib/thumb/v7e-m/nofp\librdimon_nano.a
START GROUP
LOAD c:/st/stm32cubeide_1.10.1/stm32cubeide/plugins/com.st.stm32cube.ide.mcu.externaltools.gnu-tools-for-stm32.10.3-2021.10.win32_1.0.0.202111181127/tools/bin/../lib/gcc/arm-none-eabi/10.3.1/../../../../arm-none-eabi/lib/thumb/v7e-m/nofp\libc_nano.a
LOAD c:/st/stm32cubeide_1.10.1/stm32cubeide/plugins/com.st.stm32cube.ide.mcu.externaltools.gnu-tools-for-stm32.10.3-2021.10.win32_1.0.0.202111181127/tools/bin/../lib/gcc/arm-none-eabi/10.3.1/../../../../arm-none-eabi/lib/thumb/v7e-m/nofp\libm.a
END GROUP
START GROUP
LOAD c:/st/stm32cubeide_1.10.1/stm32cubeide/plugins/com.st.stm32cube.ide.mcu.externaltools.gnu-tools-for-stm32.10.3-2021.10.win32_1.0.0.202111181127/tools/bin/../lib/gcc/arm-none-eabi/10.3.1/thumb/v7e-m/nofp\libgcc.a
LOAD c:/st/stm32cubeide_1.10.1/stm32cubeide/plugins/com.st.stm32cube.ide.mcu.externaltools.gnu-tools-for-stm32.10.3-2021.10.win32_1.0.0.202111181127/tools/bin/../lib/gcc/arm-none-eabi/10.3.1/../../../../arm-none-eabi/lib/thumb/v7e-m/nofp\libc_nano.a
END GROUP
START GROUP
LOAD c:/st/stm32cubeide_1.10.1/stm32cubeide/plugins/com.st.stm32cube.ide.mcu.externaltools.gnu-tools-for-stm32.10.3-2021.10.win32_1.0.0.202111181127/tools/bin/../lib/gcc/arm-none-eabi/10.3.1/thumb/v7e-m/nofp\libgcc.a
LOAD c:/st/stm32cubeide_1.10.1/stm32cubeide/plugins/com.st.stm32cube.ide.mcu.externaltools.gnu-tools-for-stm32.10.3-2021.10.win32_1.0.0.202111181127/tools/bin/../lib/gcc/arm-none-eabi/10.3.1/../../../../arm-none-eabi/lib/thumb/v7e-m/nofp\libc_nano.a
LOAD c:/st/stm32cubeide_1.10.1/stm32cubeide/plugins/com.st.stm32cube.ide.mcu.externaltools.gnu-tools-for-stm32.10.3-2021.10.win32_1.0.0.202111181127/tools/bin/../lib/gcc/arm-none-eabi/10.3.1/../../../../arm-none-eabi/lib/thumb/v7e-m/nofp\libnosys.a
END GROUP
START GROUP
LOAD c:/st/stm32cubeide_1.10.1/stm32cubeide/plugins/com.st.stm32cube.ide.mcu.externaltools.gnu-tools-for-stm32.10.3-2021.10.win32_1.0.0.202111181127/tools/bin/../lib/gcc/arm-none-eabi/10.3.1/thumb/v7e-m/nofp\libgcc.a
LOAD c:/st/stm32cubeide_1.10.1/stm32cubeide/plugins/com.st.stm32cube.ide.mcu.externaltools.gnu-tools-for-stm32.10.3-2021.10.win32_1.0.0.202111181127/tools/bin/../lib/gcc/arm-none-eabi/10.3.1/../../../../arm-none-eabi/lib/thumb/v7e-m/nofp\libc_nano.a
LOAD c:/st/stm32cubeide_1.10.1/stm32cubeide/plugins/com.st.stm32cube.ide.mcu.externaltools.gnu-tools-for-stm32.10.3-2021.10.win32_1.0.0.202111181127/tools/bin/../lib/gcc/arm-none-eabi/10.3.1/../../../../arm-none-eabi/lib/thumb/v7e-m/nofp\librdimon_nano.a
END GROUP
START GROUP
LOAD c:/st/stm32cubeide_1.10.1/stm32cubeide/plugins/com.st.stm32cube.ide.mcu.externaltools.gnu-tools-for-stm32.10.3-2021.10.win32_1.0.0.202111181127/tools/bin/../lib/gcc/arm-none-eabi/10.3.1/thumb/v7e-m/nofp\libgcc.a
LOAD c:/st/stm32cubeide_1.10.1/stm32cubeide/plugins/com.st.stm32cube.ide.mcu.externaltools.gnu-tools-for-stm32.10.3-2021.10.win32_1.0.0.202111181127/tools/bin/../lib/gcc/arm-none-eabi/10.3.1/../../../../arm-none-eabi/lib/thumb/v7e-m/nofp\libc_nano.a
LOAD c:/st/stm32cubeide_1.10.1/stm32cubeide/plugins/com.st.stm32cube.ide.mcu.externaltools.gnu-tools-for-stm32.10.3-2021.10.win32_1.0.0.202111181127/tools/bin/../lib/gcc/arm-none-eabi/10.3.1/../../../../arm-none-eabi/lib/thumb/v7e-m/nofp\librdimon_nano.a
LOAD c:/st/stm32cubeide_1.10.1/stm32cubeide/plugins/com.st.stm32cube.ide.mcu.externaltools.gnu-tools-for-stm32.10.3-2021.10.win32_1.0.0.202111181127/tools/bin/../lib/gcc/arm-none-eabi/10.3.1/../../../../arm-none-eabi/lib/thumb/v7e-m/nofp\libnosys.a
END GROUP
LOAD c:/st/stm32cubeide_1.10.1/stm32cubeide/plugins/com.st.stm32cube.ide.mcu.externaltools.gnu-tools-for-stm32.10.3-2021.10.win32_1.0.0.202111181127/tools/bin/../lib/gcc/arm-none-eabi/10.3.1/thumb/v7e-m/nofp/crtend.o
LOAD c:/st/stm32cubeide_1.10.1/stm32cubeide/plugins/com.st.stm32cube.ide.mcu.externaltools.gnu-tools-for-stm32.10.3-2021.10.win32_1.0.0.202111181127/tools/bin/../lib/gcc/arm-none-eabi/10.3.1/thumb/v7e-m/nofp/crtn.o
                0x0000000020020000                _estack = (ORIGIN (RAM) + LENGTH (RAM))
                0x0000000000000200                _Min_Heap_Size = 0x200
                0x0000000000000400                _Min_Stack_Size = 0x400

.isr_vector     0x0000000008000000      0x1a8
                0x0000000008000000                . = ALIGN (0x4)
 *(.isr_vector)
 .isr_vector    0x0000000008000000      0x1a8 ./Startup/startup_stm32f407vgtx.o
                0x0000000008000000                g_pfnVectors
                0x00000000080001a8                . = ALIGN (0x4)

.text           0x00000000080001a8     0x1250
                0x00000000080001a8                . = ALIGN (0x4)
 *(.text)
 .text          0x00000000080001a8       0x40 c:/st/stm32cubeide_1.10.1/stm32cubeide/plugins/com.st.stm32cube.ide.mcu.externaltools.gnu-tools-for-stm32.10.3-2021.10.win32_1.0.0.202111181127/tools/bin/../lib/gcc/arm-none-eabi/10.3.1/thumb/v7e-m/nofp/crtbegin.o
 .text          0x00000000080001e8       0x10 c:/st/stm32cubeide_1.10.1/stm32cubeide/plugins/com.st.stm32cube.ide.mcu.externaltools.gnu-tools-for-stm32.10.3-2021.10.win32_1.0.0.202111181127/tools/bin/../lib/gcc/arm-none-eabi/10.3.1/../../../../arm-none-eabi/lib/thumb/v7e-m/nofp\libc_nano.a(lib_a-strlen.o)
                0x00000000080001e8                strlen
 *(.text*)
 .text.I2C1_GPIOInits
                0x00000000080001f8       0x44 ./Src/014i2c_disciple_tx_string.o
                0x00000000080001f8                I2C1_GPIOInits
 .text.I2C1_Inits
                0x000000000800023c       0x38 ./Src/014i2c_disciple_tx_string.o
                0x000000000800023c                I2C1_Inits
 .text.GPIO_ButtonInit
                0x0000000008000274       0x30 ./Src/014i2c_disciple_tx_string.o
                0x0000000008000274                GPIO_ButtonInit
 .text.main     0x00000000080002a4       0x54 ./Src/014i2c_disciple_tx_string.o
                0x00000000080002a4                main
 .text.I2C1_EV_IRQHandler
                0x00000000080002f8       0x14 ./Src/014i2c_disciple_tx_string.o
                0x00000000080002f8                I2C1_EV_IRQHandler
 .text.I2C1_ER_IRQHandler
                0x000000000800030c       0x14 ./Src/014i2c_disciple_tx_string.o
                0x000000000800030c                I2C1_ER_IRQHandler
 .text.I2C_ApplicationEventCallback
                0x0000000008000320       0xd8 ./Src/014i2c_disciple_tx_string.o
                0x0000000008000320                I2C_ApplicationEventCallback
 .text.Reset_Handler
                0x00000000080003f8       0x50 ./Startup/startup_stm32f407vgtx.o
                0x00000000080003f8                Reset_Handler
 .text.Default_Handler
                0x0000000008000448        0x2 ./Startup/startup_stm32f407vgtx.o
                0x0000000008000448                RTC_Alarm_IRQHandler
                0x0000000008000448                HASH_RNG_IRQHandler
                0x0000000008000448                EXTI2_IRQHandler
                0x0000000008000448                TIM8_CC_IRQHandler
                0x0000000008000448                DebugMon_Handler
                0x0000000008000448                TIM1_CC_IRQHandler
                0x0000000008000448                DMA2_Stream5_IRQHandler
                0x0000000008000448                HardFault_Handler
                0x0000000008000448                DMA1_Stream5_IRQHandler
                0x0000000008000448                SysTick_Handler
                0x0000000008000448                PVD_IRQHandler
                0x0000000008000448                SDIO_IRQHandler
                0x0000000008000448                TAMP_STAMP_IRQHandler
                0x0000000008000448                PendSV_Handler
                0x0000000008000448                NMI_Handler
                0x0000000008000448                CAN2_RX1_IRQHandler
                0x0000000008000448                EXTI3_IRQHandler
                0x0000000008000448                TIM8_TRG_COM_TIM14_IRQHandler
                0x0000000008000448                TIM1_UP_TIM10_IRQHandler
                0x0000000008000448                TIM8_UP_TIM13_IRQHandler
                0x0000000008000448                I2C3_ER_IRQHandler
                0x0000000008000448                LCD_TFT_IRQHandler
                0x0000000008000448                EXTI0_IRQHandler
                0x0000000008000448                I2C2_EV_IRQHandler
                0x0000000008000448                DMA1_Stream2_IRQHandler
                0x0000000008000448                CAN1_RX0_IRQHandler
                0x0000000008000448                FPU_IRQHandler
                0x0000000008000448                OTG_HS_WKUP_IRQHandler
                0x0000000008000448                UsageFault_Handler
                0x0000000008000448                CAN2_SCE_IRQHandler
                0x0000000008000448                DMA2_Stream2_IRQHandler
                0x0000000008000448                SPI1_IRQHandler
                0x0000000008000448                TIM6_DAC_IRQHandler
                0x0000000008000448                TIM1_BRK_TIM9_IRQHandler
                0x0000000008000448                DCMI_IRQHandler
                0x0000000008000448                CAN2_RX0_IRQHandler
                0x0000000008000448                DMA2_Stream3_IRQHandler
                0x0000000008000448                USART6_IRQHandler
                0x0000000008000448                USART3_IRQHandler
                0x0000000008000448                CRYP_IRQHandler
                0x0000000008000448                CAN1_RX1_IRQHandler
                0x0000000008000448                UART5_IRQHandler
                0x0000000008000448                DMA2_Stream0_IRQHandler
                0x0000000008000448                TIM4_IRQHandler
                0x0000000008000448                DMA1_Stream6_IRQHandler
                0x0000000008000448                DMA1_Stream1_IRQHandler
                0x0000000008000448                UART4_IRQHandler
                0x0000000008000448                LCD_TFT_1_IRQHandler
                0x0000000008000448                TIM3_IRQHandler
                0x0000000008000448                RCC_IRQHandler
                0x0000000008000448                TIM8_BRK_TIM12_IRQHandler
                0x0000000008000448                Default_Handler
                0x0000000008000448                EXTI15_10_IRQHandler
                0x0000000008000448                ADC_IRQHandler
                0x0000000008000448                DMA1_Stream7_IRQHandler
                0x0000000008000448                TIM7_IRQHandler
                0x0000000008000448                CAN2_TX_IRQHandler
                0x0000000008000448                TIM5_IRQHandler
                0x0000000008000448                DMA2_Stream7_IRQHandler
                0x0000000008000448                I2C3_EV_IRQHandler
                0x0000000008000448                EXTI9_5_IRQHandler
                0x0000000008000448                RTC_WKUP_IRQHandler
                0x0000000008000448                ETH_WKUP_IRQHandler
                0x0000000008000448                SPI2_IRQHandler
                0x0000000008000448                OTG_HS_EP1_IN_IRQHandler
                0x0000000008000448                MemManage_Handler
                0x0000000008000448                DMA1_Stream0_IRQHandler
                0x0000000008000448                CAN1_TX_IRQHandler
                0x0000000008000448                SVC_Handler
                0x0000000008000448                EXTI4_IRQHandler
                0x0000000008000448                FSMC_IRQHandler
                0x0000000008000448                ETH_IRQHandler
                0x0000000008000448                OTG_HS_EP1_OUT_IRQHandler
                0x0000000008000448                WWDG_IRQHandler
                0x0000000008000448                TIM2_IRQHandler
                0x0000000008000448                OTG_FS_WKUP_IRQHandler
                0x0000000008000448                TIM1_TRG_COM_TIM11_IRQHandler
                0x0000000008000448                OTG_HS_IRQHandler
                0x0000000008000448                EXTI1_IRQHandler
                0x0000000008000448                USART2_IRQHandler
                0x0000000008000448                I2C2_ER_IRQHandler
                0x0000000008000448                DMA2_Stream1_IRQHandler
                0x0000000008000448                CAN1_SCE_IRQHandler
                0x0000000008000448                DMA2_Stream4_IRQHandler
                0x0000000008000448                BusFault_Handler
                0x0000000008000448                USART1_IRQHandler
                0x0000000008000448                OTG_FS_IRQHandler
                0x0000000008000448                SPI3_IRQHandler
                0x0000000008000448                DMA1_Stream4_IRQHandler
                0x0000000008000448                DMA2_Stream6_IRQHandler
                0x0000000008000448                DMA1_Stream3_IRQHandler
 *fill*         0x000000000800044a        0x2 
 .text.GPIO_Init
                0x000000000800044c      0x364 ./drivers/Src/stm32f407xx_gpio_driver.o
                0x000000000800044c                GPIO_Init
 .text.PeriClockControl
                0x00000000080007b0      0x1d0 ./drivers/Src/stm32f407xx_gpio_driver.o
                0x00000000080007b0                PeriClockControl
 .text.RCC_GetPLLOutputClock
                0x0000000008000980       0x16 ./drivers/Src/stm32f407xx_i2c_driver.o
                0x0000000008000980                RCC_GetPLLOutputClock
 .text.I2C_ExecuteAddressPhaseWrite
                0x0000000008000996       0x2a ./drivers/Src/stm32f407xx_i2c_driver.o
 .text.I2C_ExecuteAddressPhaseRead
                0x00000000080009c0       0x2a ./drivers/Src/stm32f407xx_i2c_driver.o
 .text.I2C_ClearADDRFlag
                0x00000000080009ea       0x6e ./drivers/Src/stm32f407xx_i2c_driver.o
 .text.I2C_GenerateStopCondition
                0x0000000008000a58       0x1e ./drivers/Src/stm32f407xx_i2c_driver.o
                0x0000000008000a58                I2C_GenerateStopCondition
 .text.I2C_SlaveEnableDisableCallbackEvents
                0x0000000008000a76       0x66 ./drivers/Src/stm32f407xx_i2c_driver.o
                0x0000000008000a76                I2C_SlaveEnableDisableCallbackEvents
 .text.I2C_ManageAcking
                0x0000000008000adc       0x36 ./drivers/Src/stm32f407xx_i2c_driver.o
                0x0000000008000adc                I2C_ManageAcking
 *fill*         0x0000000008000b12        0x2 
 .text.RCC_GetPCLK1Value
                0x0000000008000b14       0xb4 ./drivers/Src/stm32f407xx_i2c_driver.o
                0x0000000008000b14                RCC_GetPCLK1Value
 .text.I2C_PeriClockControl
                0x0000000008000bc8       0xb0 ./drivers/Src/stm32f407xx_i2c_driver.o
                0x0000000008000bc8                I2C_PeriClockControl
 .text.I2C_IRQInterruptConfig
                0x0000000008000c78      0x110 ./drivers/Src/stm32f407xx_i2c_driver.o
                0x0000000008000c78                I2C_IRQInterruptConfig
 .text.I2C_PeripheralControl
                0x0000000008000d88       0x36 ./drivers/Src/stm32f407xx_i2c_driver.o
                0x0000000008000d88                I2C_PeripheralControl
 *fill*         0x0000000008000dbe        0x2 
 .text.I2C_Init
                0x0000000008000dc0      0x164 ./drivers/Src/stm32f407xx_i2c_driver.o
                0x0000000008000dc0                I2C_Init
 .text.I2C_SlaveSendData
                0x0000000008000f24       0x1c ./drivers/Src/stm32f407xx_i2c_driver.o
                0x0000000008000f24                I2C_SlaveSendData
 .text.I2C_SlaveReceiveData
                0x0000000008000f40       0x18 ./drivers/Src/stm32f407xx_i2c_driver.o
                0x0000000008000f40                I2C_SlaveReceiveData
 .text.I2C_EV_IRQHandling
                0x0000000008000f58      0x1c0 ./drivers/Src/stm32f407xx_i2c_driver.o
                0x0000000008000f58                I2C_EV_IRQHandling
 .text.I2C_ER_IRQHandling
                0x0000000008001118      0x10c ./drivers/Src/stm32f407xx_i2c_driver.o
                0x0000000008001118                I2C_ER_IRQHandling
 .text.I2C_MasterHandleTXEInterrupt
                0x0000000008001224       0x3a ./drivers/Src/stm32f407xx_i2c_driver.o
 .text.I2C_MasterHandleRXNEInterrupt
                0x000000000800125e       0x98 ./drivers/Src/stm32f407xx_i2c_driver.o
 .text.I2C_CloseReceiveData
                0x00000000080012f6       0x5c ./drivers/Src/stm32f407xx_i2c_driver.o
                0x00000000080012f6                I2C_CloseReceiveData
 .text.I2C_CloseSendData
                0x0000000008001352       0x44 ./drivers/Src/stm32f407xx_i2c_driver.o
                0x0000000008001352                I2C_CloseSendData
 *fill*         0x0000000008001396        0x2 
 .text.__libc_init_array
                0x0000000008001398       0x48 c:/st/stm32cubeide_1.10.1/stm32cubeide/plugins/com.st.stm32cube.ide.mcu.externaltools.gnu-tools-for-stm32.10.3-2021.10.win32_1.0.0.202111181127/tools/bin/../lib/gcc/arm-none-eabi/10.3.1/../../../../arm-none-eabi/lib/thumb/v7e-m/nofp\libc_nano.a(lib_a-init.o)
                0x0000000008001398                __libc_init_array
 *(.glue_7)
 .glue_7        0x00000000080013e0        0x0 linker stubs
 *(.glue_7t)
 .glue_7t       0x00000000080013e0        0x0 linker stubs
 *(.eh_frame)
 .eh_frame      0x00000000080013e0        0x0 c:/st/stm32cubeide_1.10.1/stm32cubeide/plugins/com.st.stm32cube.ide.mcu.externaltools.gnu-tools-for-stm32.10.3-2021.10.win32_1.0.0.202111181127/tools/bin/../lib/gcc/arm-none-eabi/10.3.1/thumb/v7e-m/nofp/crtbegin.o
 *(.init)
 .init          0x00000000080013e0        0x4 c:/st/stm32cubeide_1.10.1/stm32cubeide/plugins/com.st.stm32cube.ide.mcu.externaltools.gnu-tools-for-stm32.10.3-2021.10.win32_1.0.0.202111181127/tools/bin/../lib/gcc/arm-none-eabi/10.3.1/thumb/v7e-m/nofp/crti.o
                0x00000000080013e0                _init
 .init          0x00000000080013e4        0x8 c:/st/stm32cubeide_1.10.1/stm32cubeide/plugins/com.st.stm32cube.ide.mcu.externaltools.gnu-tools-for-stm32.10.3-2021.10.win32_1.0.0.202111181127/tools/bin/../lib/gcc/arm-none-eabi/10.3.1/thumb/v7e-m/nofp/crtn.o
 *(.fini)
 .fini          0x00000000080013ec        0x4 c:/st/stm32cubeide_1.10.1/stm32cubeide/plugins/com.st.stm32cube.ide.mcu.externaltools.gnu-tools-for-stm32.10.3-2021.10.win32_1.0.0.202111181127/tools/bin/../lib/gcc/arm-none-eabi/10.3.1/thumb/v7e-m/nofp/crti.o
                0x00000000080013ec                _fini
 .fini          0x00000000080013f0        0x8 c:/st/stm32cubeide_1.10.1/stm32cubeide/plugins/com.st.stm32cube.ide.mcu.externaltools.gnu-tools-for-stm32.10.3-2021.10.win32_1.0.0.202111181127/tools/bin/../lib/gcc/arm-none-eabi/10.3.1/thumb/v7e-m/nofp/crtn.o
                0x00000000080013f8                . = ALIGN (0x4)
                0x00000000080013f8                _etext = .

.vfp11_veneer   0x00000000080013f8        0x0
 .vfp11_veneer  0x00000000080013f8        0x0 linker stubs

.v4_bx          0x00000000080013f8        0x0
 .v4_bx         0x00000000080013f8        0x0 linker stubs

.iplt           0x00000000080013f8        0x0
 .iplt          0x00000000080013f8        0x0 c:/st/stm32cubeide_1.10.1/stm32cubeide/plugins/com.st.stm32cube.ide.mcu.externaltools.gnu-tools-for-stm32.10.3-2021.10.win32_1.0.0.202111181127/tools/bin/../lib/gcc/arm-none-eabi/10.3.1/thumb/v7e-m/nofp/crtbegin.o

.rel.dyn        0x00000000080013f8        0x0
 .rel.iplt      0x00000000080013f8        0x0 c:/st/stm32cubeide_1.10.1/stm32cubeide/plugins/com.st.stm32cube.ide.mcu.externaltools.gnu-tools-for-stm32.10.3-2021.10.win32_1.0.0.202111181127/tools/bin/../lib/gcc/arm-none-eabi/10.3.1/thumb/v7e-m/nofp/crtbegin.o

.rodata         0x00000000080013f8        0x0
                0x00000000080013f8                . = ALIGN (0x4)
 *(.rodata)
 *(.rodata*)
                0x00000000080013f8                . = ALIGN (0x4)

.ARM.extab      0x00000000080013f8        0x0
                0x00000000080013f8                . = ALIGN (0x4)
 *(.ARM.extab* .gnu.linkonce.armextab.*)
                0x00000000080013f8                . = ALIGN (0x4)

.ARM            0x00000000080013f8        0x0
                0x00000000080013f8                . = ALIGN (0x4)
                0x00000000080013f8                __exidx_start = .
 *(.ARM.exidx*)
                0x00000000080013f8                __exidx_end = .
                0x00000000080013f8                . = ALIGN (0x4)

.preinit_array  0x00000000080013f8        0x0
                0x00000000080013f8                . = ALIGN (0x4)
                0x00000000080013f8                PROVIDE (__preinit_array_start = .)
 *(.preinit_array*)
                0x00000000080013f8                PROVIDE (__preinit_array_end = .)
                0x00000000080013f8                . = ALIGN (0x4)

.init_array     0x00000000080013f8        0x4
                0x00000000080013f8                . = ALIGN (0x4)
                0x00000000080013f8                PROVIDE (__init_array_start = .)
 *(SORT_BY_NAME(.init_array.*))
 *(.init_array*)
 .init_array    0x00000000080013f8        0x4 c:/st/stm32cubeide_1.10.1/stm32cubeide/plugins/com.st.stm32cube.ide.mcu.externaltools.gnu-tools-for-stm32.10.3-2021.10.win32_1.0.0.202111181127/tools/bin/../lib/gcc/arm-none-eabi/10.3.1/thumb/v7e-m/nofp/crtbegin.o
                0x00000000080013fc                PROVIDE (__init_array_end = .)
                0x00000000080013fc                . = ALIGN (0x4)

.fini_array     0x00000000080013fc        0x4
                0x00000000080013fc                . = ALIGN (0x4)
                [!provide]                        PROVIDE (__fini_array_start = .)
 *(SORT_BY_NAME(.fini_array.*))
 *(.fini_array*)
 .fini_array    0x00000000080013fc        0x4 c:/st/stm32cubeide_1.10.1/stm32cubeide/plugins/com.st.stm32cube.ide.mcu.externaltools.gnu-tools-for-stm32.10.3-2021.10.win32_1.0.0.202111181127/tools/bin/../lib/gcc/arm-none-eabi/10.3.1/thumb/v7e-m/nofp/crtbegin.o
                [!provide]                        PROVIDE (__fini_array_end = .)
                0x0000000008001400                . = ALIGN (0x4)
                0x0000000008001400                _sidata = LOADADDR (.data)

.data           0x0000000020000000      0x1b0 load address 0x0000000008001400
                0x0000000020000000                . = ALIGN (0x4)
                0x0000000020000000                _sdata = .
 *(.data)
 *(.data*)
 .data.Tx_buf   0x0000000020000000      0x197 ./Src/014i2c_disciple_tx_string.o
                0x0000000020000000                Tx_buf
 *fill*         0x0000000020000197        0x1 
 .data.AHB_PreScaler
                0x0000000020000198       0x10 ./drivers/Src/stm32f407xx_i2c_driver.o
                0x0000000020000198                AHB_PreScaler
 .data.APB_PreScaler
                0x00000000200001a8        0x8 ./drivers/Src/stm32f407xx_i2c_driver.o
                0x00000000200001a8                APB_PreScaler
 *(.RamFunc)
 *(.RamFunc*)
                0x00000000200001b0                . = ALIGN (0x4)
                0x00000000200001b0                _edata = .
                0x00000000080015b0                _siccmram = LOADADDR (.ccmram)

.igot.plt       0x00000000200001b0        0x0 load address 0x00000000080015b0
 .igot.plt      0x00000000200001b0        0x0 c:/st/stm32cubeide_1.10.1/stm32cubeide/plugins/com.st.stm32cube.ide.mcu.externaltools.gnu-tools-for-stm32.10.3-2021.10.win32_1.0.0.202111181127/tools/bin/../lib/gcc/arm-none-eabi/10.3.1/thumb/v7e-m/nofp/crtbegin.o

.ccmram         0x0000000010000000        0x0 load address 0x00000000080015b0
                0x0000000010000000                . = ALIGN (0x4)
                0x0000000010000000                _sccmram = .
 *(.ccmram)
 *(.ccmram*)
                0x0000000010000000                . = ALIGN (0x4)
                0x0000000010000000                _eccmram = .
                0x0000000010000000                . = ALIGN (0x4)

.bss            0x00000000200001b0       0x54
                0x00000000200001b0                _sbss = .
                0x00000000200001b0                __bss_start__ = _sbss
 *(.bss)
 .bss           0x00000000200001b0       0x1c c:/st/stm32cubeide_1.10.1/stm32cubeide/plugins/com.st.stm32cube.ide.mcu.externaltools.gnu-tools-for-stm32.10.3-2021.10.win32_1.0.0.202111181127/tools/bin/../lib/gcc/arm-none-eabi/10.3.1/thumb/v7e-m/nofp/crtbegin.o
 *(.bss*)
 .bss.data_len  0x00000000200001cc        0x4 ./Src/014i2c_disciple_tx_string.o
                0x00000000200001cc                data_len
 .bss.CommandCode
                0x00000000200001d0        0x1 ./Src/014i2c_disciple_tx_string.o
                0x00000000200001d0                CommandCode
 *fill*         0x00000000200001d1        0x3 
 .bss.I2C1Handle
                0x00000000200001d4       0x28 ./Src/014i2c_disciple_tx_string.o
                0x00000000200001d4                I2C1Handle
 .bss.cnt.1     0x00000000200001fc        0x4 ./Src/014i2c_disciple_tx_string.o
 .bss.w_ptr.0   0x0000000020000200        0x4 ./Src/014i2c_disciple_tx_string.o
 *(COMMON)
                0x0000000020000204                . = ALIGN (0x4)
                0x0000000020000204                _ebss = .
                0x0000000020000204                __bss_end__ = _ebss

._user_heap_stack
                0x0000000020000204      0x604
                0x0000000020000208                . = ALIGN (0x8)
 *fill*         0x0000000020000204        0x4 
                0x0000000020000208                PROVIDE (end = .)
                [!provide]                        PROVIDE (_end = .)
                0x0000000020000408                . = (. + _Min_Heap_Size)
 *fill*         0x0000000020000208      0x200 
                0x0000000020000808                . = (. + _Min_Stack_Size)
 *fill*         0x0000000020000408      0x400 
                0x0000000020000808                . = ALIGN (0x8)

/DISCARD/
 libc.a(*)
 libm.a(*)
 libgcc.a(*)

.ARM.attributes
                0x0000000000000000       0x2a
 *(.ARM.attributes)
 .ARM.attributes
                0x0000000000000000       0x1e c:/st/stm32cubeide_1.10.1/stm32cubeide/plugins/com.st.stm32cube.ide.mcu.externaltools.gnu-tools-for-stm32.10.3-2021.10.win32_1.0.0.202111181127/tools/bin/../lib/gcc/arm-none-eabi/10.3.1/thumb/v7e-m/nofp/crti.o
 .ARM.attributes
                0x000000000000001e       0x2e c:/st/stm32cubeide_1.10.1/stm32cubeide/plugins/com.st.stm32cube.ide.mcu.externaltools.gnu-tools-for-stm32.10.3-2021.10.win32_1.0.0.202111181127/tools/bin/../lib/gcc/arm-none-eabi/10.3.1/thumb/v7e-m/nofp/crtbegin.o
 .ARM.attributes
                0x000000000000004c       0x2e ./Src/014i2c_disciple_tx_string.o
 .ARM.attributes
                0x000000000000007a       0x21 ./Startup/startup_stm32f407vgtx.o
 .ARM.attributes
                0x000000000000009b       0x2e ./drivers/Src/stm32f407xx_gpio_driver.o
 .ARM.attributes
                0x00000000000000c9       0x2e ./drivers/Src/stm32f407xx_i2c_driver.o
 .ARM.attributes
                0x00000000000000f7       0x2e c:/st/stm32cubeide_1.10.1/stm32cubeide/plugins/com.st.stm32cube.ide.mcu.externaltools.gnu-tools-for-stm32.10.3-2021.10.win32_1.0.0.202111181127/tools/bin/../lib/gcc/arm-none-eabi/10.3.1/../../../../arm-none-eabi/lib/thumb/v7e-m/nofp\libc_nano.a(lib_a-init.o)
 .ARM.attributes
                0x0000000000000125       0x17 c:/st/stm32cubeide_1.10.1/stm32cubeide/plugins/com.st.stm32cube.ide.mcu.externaltools.gnu-tools-for-stm32.10.3-2021.10.win32_1.0.0.202111181127/tools/bin/../lib/gcc/arm-none-eabi/10.3.1/../../../../arm-none-eabi/lib/thumb/v7e-m/nofp\libc_nano.a(lib_a-strlen.o)
 .ARM.attributes
                0x000000000000013c       0x1e c:/st/stm32cubeide_1.10.1/stm32cubeide/plugins/com.st.stm32cube.ide.mcu.externaltools.gnu-tools-for-stm32.10.3-2021.10.win32_1.0.0.202111181127/tools/bin/../lib/gcc/arm-none-eabi/10.3.1/thumb/v7e-m/nofp/crtn.o
OUTPUT(stm32f4xx_drivers.elf elf32-littlearm)
LOAD linker stubs
LOAD c:/st/stm32cubeide_1.10.1/stm32cubeide/plugins/com.st.stm32cube.ide.mcu.externaltools.gnu-tools-for-stm32.10.3-2021.10.win32_1.0.0.202111181127/tools/bin/../lib/gcc/arm-none-eabi/10.3.1/../../../../arm-none-eabi/lib/thumb/v7e-m/nofp\libc.a
LOAD c:/st/stm32cubeide_1.10.1/stm32cubeide/plugins/com.st.stm32cube.ide.mcu.externaltools.gnu-tools-for-stm32.10.3-2021.10.win32_1.0.0.202111181127/tools/bin/../lib/gcc/arm-none-eabi/10.3.1/../../../../arm-none-eabi/lib/thumb/v7e-m/nofp\libm.a
LOAD c:/st/stm32cubeide_1.10.1/stm32cubeide/plugins/com.st.stm32cube.ide.mcu.externaltools.gnu-tools-for-stm32.10.3-2021.10.win32_1.0.0.202111181127/tools/bin/../lib/gcc/arm-none-eabi/10.3.1/thumb/v7e-m/nofp\libgcc.a

.debug_info     0x0000000000000000     0x19b7
 .debug_info    0x0000000000000000      0x613 ./Src/014i2c_disciple_tx_string.o
 .debug_info    0x0000000000000613       0x22 ./Startup/startup_stm32f407vgtx.o
 .debug_info    0x0000000000000635      0x7b1 ./drivers/Src/stm32f407xx_gpio_driver.o
 .debug_info    0x0000000000000de6      0xbd1 ./drivers/Src/stm32f407xx_i2c_driver.o

.debug_abbrev   0x0000000000000000      0x5fc
 .debug_abbrev  0x0000000000000000      0x1ad ./Src/014i2c_disciple_tx_string.o
 .debug_abbrev  0x00000000000001ad       0x12 ./Startup/startup_stm32f407vgtx.o
 .debug_abbrev  0x00000000000001bf      0x16a ./drivers/Src/stm32f407xx_gpio_driver.o
 .debug_abbrev  0x0000000000000329      0x2d3 ./drivers/Src/stm32f407xx_i2c_driver.o

.debug_aranges  0x0000000000000000      0x1e8
 .debug_aranges
                0x0000000000000000       0x58 ./Src/014i2c_disciple_tx_string.o
 .debug_aranges
                0x0000000000000058       0x28 ./Startup/startup_stm32f407vgtx.o
 .debug_aranges
                0x0000000000000080       0x70 ./drivers/Src/stm32f407xx_gpio_driver.o
 .debug_aranges
                0x00000000000000f0       0xf8 ./drivers/Src/stm32f407xx_i2c_driver.o

.debug_ranges   0x0000000000000000      0x1b0
 .debug_ranges  0x0000000000000000       0x48 ./Src/014i2c_disciple_tx_string.o
 .debug_ranges  0x0000000000000048       0x20 ./Startup/startup_stm32f407vgtx.o
 .debug_ranges  0x0000000000000068       0x60 ./drivers/Src/stm32f407xx_gpio_driver.o
 .debug_ranges  0x00000000000000c8       0xe8 ./drivers/Src/stm32f407xx_i2c_driver.o

.debug_macro    0x0000000000000000     0x2b2f
 .debug_macro   0x0000000000000000      0x238 ./Src/014i2c_disciple_tx_string.o
 .debug_macro   0x0000000000000238      0xa78 ./Src/014i2c_disciple_tx_string.o
 .debug_macro   0x0000000000000cb0       0x22 ./Src/014i2c_disciple_tx_string.o
 .debug_macro   0x0000000000000cd2       0x4c ./Src/014i2c_disciple_tx_string.o
 .debug_macro   0x0000000000000d1e       0x18 ./Src/014i2c_disciple_tx_string.o
 .debug_macro   0x0000000000000d36       0x94 ./Src/014i2c_disciple_tx_string.o
 .debug_macro   0x0000000000000dca       0x3c ./Src/014i2c_disciple_tx_string.o
 .debug_macro   0x0000000000000e06       0x34 ./Src/014i2c_disciple_tx_string.o
 .debug_macro   0x0000000000000e3a       0x16 ./Src/014i2c_disciple_tx_string.o
 .debug_macro   0x0000000000000e50       0x57 ./Src/014i2c_disciple_tx_string.o
 .debug_macro   0x0000000000000ea7       0x97 ./Src/014i2c_disciple_tx_string.o
 .debug_macro   0x0000000000000f3e      0x341 ./Src/014i2c_disciple_tx_string.o
 .debug_macro   0x000000000000127f       0xfd ./Src/014i2c_disciple_tx_string.o
 .debug_macro   0x000000000000137c       0x10 ./Src/014i2c_disciple_tx_string.o
 .debug_macro   0x000000000000138c       0x16 ./Src/014i2c_disciple_tx_string.o
 .debug_macro   0x00000000000013a2       0x43 ./Src/014i2c_disciple_tx_string.o
 .debug_macro   0x00000000000013e5       0x34 ./Src/014i2c_disciple_tx_string.o
 .debug_macro   0x0000000000001419       0x10 ./Src/014i2c_disciple_tx_string.o
 .debug_macro   0x0000000000001429       0x58 ./Src/014i2c_disciple_tx_string.o
 .debug_macro   0x0000000000001481       0x71 ./Src/014i2c_disciple_tx_string.o
 .debug_macro   0x00000000000014f2       0x1c ./Src/014i2c_disciple_tx_string.o
 .debug_macro   0x000000000000150e      0x12a ./Src/014i2c_disciple_tx_string.o
 .debug_macro   0x0000000000001638       0x10 ./Src/014i2c_disciple_tx_string.o
 .debug_macro   0x0000000000001648       0x6a ./Src/014i2c_disciple_tx_string.o
 .debug_macro   0x00000000000016b2       0x1c ./Src/014i2c_disciple_tx_string.o
 .debug_macro   0x00000000000016ce       0x52 ./Src/014i2c_disciple_tx_string.o
 .debug_macro   0x0000000000001720       0x22 ./Src/014i2c_disciple_tx_string.o
 .debug_macro   0x0000000000001742       0x10 ./Src/014i2c_disciple_tx_string.o
 .debug_macro   0x0000000000001752       0x52 ./Src/014i2c_disciple_tx_string.o
 .debug_macro   0x00000000000017a4       0xd5 ./Src/014i2c_disciple_tx_string.o
 .debug_macro   0x0000000000001879       0x1c ./Src/014i2c_disciple_tx_string.o
 .debug_macro   0x0000000000001895       0x3d ./Src/014i2c_disciple_tx_string.o
 .debug_macro   0x00000000000018d2       0x16 ./Src/014i2c_disciple_tx_string.o
 .debug_macro   0x00000000000018e8      0x145 ./Src/014i2c_disciple_tx_string.o
 .debug_macro   0x0000000000001a2d       0x16 ./Src/014i2c_disciple_tx_string.o
 .debug_macro   0x0000000000001a43       0x35 ./Src/014i2c_disciple_tx_string.o
 .debug_macro   0x0000000000001a78       0x20 ./Src/014i2c_disciple_tx_string.o
 .debug_macro   0x0000000000001a98      0x103 ./Src/014i2c_disciple_tx_string.o
 .debug_macro   0x0000000000001b9b      0x1df ./Src/014i2c_disciple_tx_string.o
 .debug_macro   0x0000000000001d7a      0x619 ./Src/014i2c_disciple_tx_string.o
 .debug_macro   0x0000000000002393       0xc7 ./Src/014i2c_disciple_tx_string.o
 .debug_macro   0x000000000000245a       0xc4 ./Src/014i2c_disciple_tx_string.o
 .debug_macro   0x000000000000251e       0xd6 ./Src/014i2c_disciple_tx_string.o
 .debug_macro   0x00000000000025f4       0xad ./drivers/Src/stm32f407xx_gpio_driver.o
 .debug_macro   0x00000000000026a1       0x8e ./drivers/Src/stm32f407xx_gpio_driver.o
 .debug_macro   0x000000000000272f       0x51 ./drivers/Src/stm32f407xx_gpio_driver.o
 .debug_macro   0x0000000000002780      0x174 ./drivers/Src/stm32f407xx_gpio_driver.o
 .debug_macro   0x00000000000028f4       0xbe ./drivers/Src/stm32f407xx_gpio_driver.o
 .debug_macro   0x00000000000029b2       0xad ./drivers/Src/stm32f407xx_i2c_driver.o
 .debug_macro   0x0000000000002a5f       0xd0 ./drivers/Src/stm32f407xx_i2c_driver.o

.debug_line     0x0000000000000000     0x20af
 .debug_line    0x0000000000000000      0x7ef ./Src/014i2c_disciple_tx_string.o
 .debug_line    0x00000000000007ef       0x84 ./Startup/startup_stm32f407vgtx.o
 .debug_line    0x0000000000000873      0xa62 ./drivers/Src/stm32f407xx_gpio_driver.o
 .debug_line    0x00000000000012d5      0xdda ./drivers/Src/stm32f407xx_i2c_driver.o

.debug_str      0x0000000000000000     0xac09
 .debug_str     0x0000000000000000     0xa6cf ./Src/014i2c_disciple_tx_string.o
                                       0xa8dc (size before relaxing)
 .debug_str     0x000000000000a6cf       0x31 ./Startup/startup_stm32f407vgtx.o
                                         0xa2 (size before relaxing)
 .debug_str     0x000000000000a700      0x28a ./drivers/Src/stm32f407xx_gpio_driver.o
                                       0x6b15 (size before relaxing)
 .debug_str     0x000000000000a98a      0x27f ./drivers/Src/stm32f407xx_i2c_driver.o
                                       0x6d2d (size before relaxing)

.comment        0x0000000000000000       0x50
 .comment       0x0000000000000000       0x50 ./Src/014i2c_disciple_tx_string.o
                                         0x51 (size before relaxing)
 .comment       0x0000000000000050       0x51 ./drivers/Src/stm32f407xx_gpio_driver.o
 .comment       0x0000000000000050       0x51 ./drivers/Src/stm32f407xx_i2c_driver.o

.debug_frame    0x0000000000000000      0x74c
 .debug_frame   0x0000000000000000      0x114 ./Src/014i2c_disciple_tx_string.o
 .debug_frame   0x0000000000000114      0x1c8 ./drivers/Src/stm32f407xx_gpio_driver.o
 .debug_frame   0x00000000000002dc      0x444 ./drivers/Src/stm32f407xx_i2c_driver.o
 .debug_frame   0x0000000000000720       0x2c c:/st/stm32cubeide_1.10.1/stm32cubeide/plugins/com.st.stm32cube.ide.mcu.externaltools.gnu-tools-for-stm32.10.3-2021.10.win32_1.0.0.202111181127/tools/bin/../lib/gcc/arm-none-eabi/10.3.1/../../../../arm-none-eabi/lib/thumb/v7e-m/nofp\libc_nano.a(lib_a-init.o)
